#-----------------------------------------------------------
# Vivado v2022.1 (64-bit)
# SW Build 3526262 on Mon Apr 18 15:48:16 MDT 2022
# IP Build 3524634 on Mon Apr 18 20:55:01 MDT 2022
# Start of session at: Mon Jun 27 19:52:42 2022
# Process ID: 2600
# Current directory: C:/Users/jules/Desktop/Travail/VHDL_Master_Camp/project_David-fpga
# Command line: vivado.exe -gui_launcher_event rodinguilauncherevent2840 C:\Users\jules\Desktop\Travail\VHDL_Master_Camp\project_David-fpga\project_David-fpga.xpr
# Log file: C:/Users/jules/Desktop/Travail/VHDL_Master_Camp/project_David-fpga/vivado.log
# Journal file: C:/Users/jules/Desktop/Travail/VHDL_Master_Camp/project_David-fpga\vivado.jou
# Running On: MSI, OS: Windows, CPU Frequency: 2592 MHz, CPU Physical cores: 6, Host memory: 16991 MB
#-----------------------------------------------------------
start_gui
open_project C:/Users/jules/Desktop/Travail/VHDL_Master_Camp/project_David-fpga/project_David-fpga.xpr
update_compile_order -fileset sources_1
launch_simulation
source PIRSensorTestbench.tcl
set_property top counter_testbench [get_filesets sim_1]
set_property top_lib xil_defaultlib [get_filesets sim_1]
update_compile_order -fileset sim_1
relaunch_sim
relaunch_sim
relaunch_sim
launch_simulation
reset_simulation -simset sim_1 -mode behavioral
launch_simulation
relaunch_sim
